


ARM Macro Assembler    Page 1 


    1 00000000                 area             dec2hex_code, code
    2 00000000                 export           dec2hex
    3 00000000                 entry
    4 00000000         ;------------------------------------ 
    5 00000000         dec2hex proc
    6 00000000 B5FF            stmfd            sp!,{r0-r7, lr}
    7 00000002 9D0A            ldr              r5, [sp, #40] ; load the hex nu
                                                            mber from the stack
                                                             
    8 00000004         ;------------------------------------ 
    9 00000004 F44F 5780       ldr              r7, =4096
   10 00000008         
   11 00000008                 endp
   12 00000008                 end
Command Line: --debug --xref --cpu=Cortex-M3 --apcs=interwork --depend=.\dec2he
x.d -o.\dec2hex.o -ID:\keil\ARM\RV31\INC -ID:\keil\ARM\CMSIS\Include -ID:\keil\
ARM\Inc\ST\STM32F10x --predefine="__EVAL SETA 1" --list=.\dec2hex.lst dec2hex.s



ARM Macro Assembler    Page 1 Alphabetic symbol ordering
Relocatable symbols

dec2hex 00000000

Symbol: dec2hex
   Definitions
      At line 5 in file dec2hex.s
   Uses
      At line 2 in file dec2hex.s
Comment: dec2hex used once
dec2hex_code 00000000

Symbol: dec2hex_code
   Definitions
      At line 1 in file dec2hex.s
   Uses
      None
Comment: dec2hex_code unused
2 symbols
333 symbols in table
